{
    "sarscov2 - fastq - single_end - stub": {
        "content": [
            {
                "0": [
                    [
                        {
                            "id": "test",
                            "single_end": true
                        },
                        "test.tsv:md5,d41d8cd98f00b204e9800998ecf8427e"
                    ]
                ],
                "1": [
                    "versions.yml:md5,68acb41f0d0333843fd5d1b0c7256fd1"
                ],
                "check": [
                    [
                        {
                            "id": "test",
                            "single_end": true
                        },
                        "test.tsv:md5,d41d8cd98f00b204e9800998ecf8427e"
                    ]
                ],
                "versions": [
                    "versions.yml:md5,68acb41f0d0333843fd5d1b0c7256fd1"
                ]
            },
            [
                {
                    "SEQFU_CHECK": {
                        "seqfu": "1.22.3"
                    }
                }
            ]
        ],
        "meta": {
            "nf-test": "0.9.3",
            "nextflow": "25.10.0"
        },
        "timestamp": "2025-10-29T12:44:11.259028502"
    },
    "sarscov2 - fastq - directory": {
        "content": [
            {
                "0": [
                    [
                        {
                            "id": "test"
                        },
                        "test.tsv:md5,cd149b0f08b698981591be4a25729d7e"
                    ]
                ],
                "1": [
                    "versions.yml:md5,68acb41f0d0333843fd5d1b0c7256fd1"
                ],
                "check": [
                    [
                        {
                            "id": "test"
                        },
                        "test.tsv:md5,cd149b0f08b698981591be4a25729d7e"
                    ]
                ],
                "versions": [
                    "versions.yml:md5,68acb41f0d0333843fd5d1b0c7256fd1"
                ]
            },
            {
                "SEQFU_CHECK": {
                    "seqfu": "1.22.3"
                }
            }
        ],
        "meta": {
            "nf-test": "0.9.3",
            "nextflow": "25.10.0"
        },
        "timestamp": "2025-10-29T12:43:55.867776056"
    },
    "sarscov2 - fastq - paired-end": {
        "content": [
            {
                "0": [
                    [
                        {
                            "id": "test_paired",
                            "single_end": false
                        },
                        "test_paired.tsv:md5,c3e6eae028f23041bd09cac9c371f318"
                    ]
                ],
                "1": [
                    "versions.yml:md5,68acb41f0d0333843fd5d1b0c7256fd1"
                ],
                "check": [
                    [
                        {
                            "id": "test_paired",
                            "single_end": false
                        },
                        "test_paired.tsv:md5,c3e6eae028f23041bd09cac9c371f318"
                    ]
                ],
                "versions": [
                    "versions.yml:md5,68acb41f0d0333843fd5d1b0c7256fd1"
                ]
            }
        ],
        "meta": {
            "nf-test": "0.9.3",
            "nextflow": "25.10.0"
        },
        "timestamp": "2025-10-29T12:43:35.832380663"
    },
    "sarscov2 - fastq - single-end": {
        "content": [
            {
                "0": [
                    [
                        {
                            "id": "test",
                            "single_end": true
                        },
                        "test.tsv:md5,4c6409169772005cfb06be9e41f2c1e2"
                    ]
                ],
                "1": [
                    "versions.yml:md5,68acb41f0d0333843fd5d1b0c7256fd1"
                ],
                "check": [
                    [
                        {
                            "id": "test",
                            "single_end": true
                        },
                        "test.tsv:md5,4c6409169772005cfb06be9e41f2c1e2"
                    ]
                ],
                "versions": [
                    "versions.yml:md5,68acb41f0d0333843fd5d1b0c7256fd1"
                ]
            }
        ],
        "meta": {
            "nf-test": "0.9.3",
            "nextflow": "25.10.0"
        },
        "timestamp": "2025-10-29T12:43:16.970955378"
    }
}