{
    "sarscov2 - fastq - stub": {
        "content": [
            {
                "0": [
                    [
                        {
                            "id": "test_stub",
                            "single_end": true
                        },
                        "test_stub_single.fasta:md5,d41d8cd98f00b204e9800998ecf8427e"
                    ]
                ],
                "1": [
                    "versions.yml:md5,12eff6cdaef31b58e36df720f8d96331",
                    "versions.yml:md5,8352db48172cddc55e42f943cdee1b9a",
                    "versions.yml:md5,9afc673105901c4307e8bb20d367a3ce",
                    "versions.yml:md5,d4403f4032d4cbb377d61ed83712253e"
                ],
                "reads": [
                    [
                        {
                            "id": "test_stub",
                            "single_end": true
                        },
                        "test_stub_single.fasta:md5,d41d8cd98f00b204e9800998ecf8427e"
                    ]
                ],
                "versions": [
                    "versions.yml:md5,12eff6cdaef31b58e36df720f8d96331",
                    "versions.yml:md5,8352db48172cddc55e42f943cdee1b9a",
                    "versions.yml:md5,9afc673105901c4307e8bb20d367a3ce",
                    "versions.yml:md5,d4403f4032d4cbb377d61ed83712253e"
                ]
            },
            [
                {
                    "FASTQ_PREPROCESS:SEQKIT_REPLACE": {
                        "seqkit": "2.9.0"
                    }
                },
                {
                    "FASTQ_PREPROCESS:SEQKIT_SEQ": {
                        "seqkit": "v2.9.0"
                    }
                },
                {
                    "FASTQ_PREPROCESS:FASTQ_SANITISE_SEQKIT:SEQKIT_SANA": {
                        "seqkit": "2.10.1"
                    }
                },
                {
                    "FASTQ_PREPROCESS:SEQKIT_RMDUP": {
                        "seqkit": "v2.9.0"
                    }
                }
            ]
        ],
        "meta": {
            "nf-test": "0.9.3",
            "nextflow": "25.10.0"
        },
        "timestamp": "2025-10-29T13:17:10.915765"
    },
    "sarscov2 - fastq - single_end": {
        "content": [
            {
                "0": [
                    [
                        {
                            "id": "test_single",
                            "single_end": true
                        },
                        "test_single_single.fasta:md5,c1dbd30da9ad368bb7bf5a117bb765b2"
                    ]
                ],
                "1": [
                    "versions.yml:md5,12eff6cdaef31b58e36df720f8d96331",
                    "versions.yml:md5,8352db48172cddc55e42f943cdee1b9a",
                    "versions.yml:md5,9afc673105901c4307e8bb20d367a3ce",
                    "versions.yml:md5,d4403f4032d4cbb377d61ed83712253e"
                ],
                "reads": [
                    [
                        {
                            "id": "test_single",
                            "single_end": true
                        },
                        "test_single_single.fasta:md5,c1dbd30da9ad368bb7bf5a117bb765b2"
                    ]
                ],
                "versions": [
                    "versions.yml:md5,12eff6cdaef31b58e36df720f8d96331",
                    "versions.yml:md5,8352db48172cddc55e42f943cdee1b9a",
                    "versions.yml:md5,9afc673105901c4307e8bb20d367a3ce",
                    "versions.yml:md5,d4403f4032d4cbb377d61ed83712253e"
                ]
            },
            [
                {
                    "FASTQ_PREPROCESS:SEQKIT_REPLACE": {
                        "seqkit": "2.9.0"
                    }
                },
                {
                    "FASTQ_PREPROCESS:SEQKIT_SEQ": {
                        "seqkit": "v2.9.0"
                    }
                },
                {
                    "FASTQ_PREPROCESS:FASTQ_SANITISE_SEQKIT:SEQKIT_SANA": {
                        "seqkit": "2.10.1"
                    }
                },
                {
                    "FASTQ_PREPROCESS:SEQKIT_RMDUP": {
                        "seqkit": "v2.9.0"
                    }
                }
            ]
        ],
        "meta": {
            "nf-test": "0.9.3",
            "nextflow": "25.10.0"
        },
        "timestamp": "2025-10-29T13:16:51.34468"
    },
    "sarscov2 - fastq - paired_end": {
        "content": [
            {
                "0": [
                    [
                        {
                            "id": "test_paired",
                            "single_end": false
                        },
                        [
                            "test_paired_R1.fasta:md5,c1dbd30da9ad368bb7bf5a117bb765b2",
                            "test_paired_R2.fasta:md5,e69b523dbbc543b86b078718b55db757"
                        ]
                    ]
                ],
                "1": [
                    "versions.yml:md5,12eff6cdaef31b58e36df720f8d96331",
                    "versions.yml:md5,8352db48172cddc55e42f943cdee1b9a",
                    "versions.yml:md5,9afc673105901c4307e8bb20d367a3ce",
                    "versions.yml:md5,d4403f4032d4cbb377d61ed83712253e"
                ],
                "reads": [
                    [
                        {
                            "id": "test_paired",
                            "single_end": false
                        },
                        [
                            "test_paired_R1.fasta:md5,c1dbd30da9ad368bb7bf5a117bb765b2",
                            "test_paired_R2.fasta:md5,e69b523dbbc543b86b078718b55db757"
                        ]
                    ]
                ],
                "versions": [
                    "versions.yml:md5,12eff6cdaef31b58e36df720f8d96331",
                    "versions.yml:md5,8352db48172cddc55e42f943cdee1b9a",
                    "versions.yml:md5,9afc673105901c4307e8bb20d367a3ce",
                    "versions.yml:md5,d4403f4032d4cbb377d61ed83712253e"
                ]
            },
            [
                {
                    "FASTQ_PREPROCESS:SEQKIT_REPLACE": {
                        "seqkit": "2.9.0"
                    }
                },
                {
                    "FASTQ_PREPROCESS:SEQKIT_SEQ": {
                        "seqkit": "v2.9.0"
                    }
                },
                {
                    "FASTQ_PREPROCESS:FASTQ_SANITISE_SEQKIT:SEQKIT_SANA": {
                        "seqkit": "2.10.1"
                    }
                },
                {
                    "FASTQ_PREPROCESS:SEQKIT_RMDUP": {
                        "seqkit": "v2.9.0"
                    }
                }
            ]
        ],
        "meta": {
            "nf-test": "0.9.3",
            "nextflow": "25.10.0"
        },
        "timestamp": "2025-10-29T13:16:58.073323"
    },
    "sarscov2 - fastq - both with single broken": {
        "content": [
            {
                "0": [
                    [
                        {
                            "id": "test_both",
                            "single_end": false
                        },
                        [
                            "test_both_R1.fasta:md5,c1dbd30da9ad368bb7bf5a117bb765b2",
                            "test_both_R2.fasta:md5,e69b523dbbc543b86b078718b55db757"
                        ]
                    ],
                    [
                        {
                            "id": "test_both",
                            "single_end": true
                        },
                        "test_both_single.fasta:md5,8d33c2a78ed2a29919b44e64b1251d6d"
                    ]
                ],
                "1": [
                    "versions.yml:md5,12eff6cdaef31b58e36df720f8d96331",
                    "versions.yml:md5,8352db48172cddc55e42f943cdee1b9a",
                    "versions.yml:md5,9afc673105901c4307e8bb20d367a3ce",
                    "versions.yml:md5,d4403f4032d4cbb377d61ed83712253e"
                ],
                "reads": [
                    [
                        {
                            "id": "test_both",
                            "single_end": false
                        },
                        [
                            "test_both_R1.fasta:md5,c1dbd30da9ad368bb7bf5a117bb765b2",
                            "test_both_R2.fasta:md5,e69b523dbbc543b86b078718b55db757"
                        ]
                    ],
                    [
                        {
                            "id": "test_both",
                            "single_end": true
                        },
                        "test_both_single.fasta:md5,8d33c2a78ed2a29919b44e64b1251d6d"
                    ]
                ],
                "versions": [
                    "versions.yml:md5,12eff6cdaef31b58e36df720f8d96331",
                    "versions.yml:md5,8352db48172cddc55e42f943cdee1b9a",
                    "versions.yml:md5,9afc673105901c4307e8bb20d367a3ce",
                    "versions.yml:md5,d4403f4032d4cbb377d61ed83712253e"
                ]
            },
            [
                {
                    "FASTQ_PREPROCESS:SEQKIT_REPLACE": {
                        "seqkit": "2.9.0"
                    }
                },
                {
                    "FASTQ_PREPROCESS:SEQKIT_SEQ": {
                        "seqkit": "v2.9.0"
                    }
                },
                {
                    "FASTQ_PREPROCESS:FASTQ_SANITISE_SEQKIT:SEQKIT_SANA": {
                        "seqkit": "2.10.1"
                    }
                },
                {
                    "FASTQ_PREPROCESS:SEQKIT_RMDUP": {
                        "seqkit": "v2.9.0"
                    }
                }
            ]
        ],
        "meta": {
            "nf-test": "0.9.3",
            "nextflow": "25.10.0"
        },
        "timestamp": "2025-10-29T13:17:05.485679"
    }
}