{
    "[bam, bai], [fasta, fai], bed": {
        "content": [
            {
                "0": [
                    [
                        {
                            "id": "test"
                        },
                        "test.bed:md5,ac38ce3bed1f8aa770d1e1a9f332e170"
                    ]
                ],
                "1": [
                    
                ],
                "2": [
                    
                ],
                "3": [
                    "versions.yml:md5,3c84f12b2a56c95c51a1d0b6b07fb33a"
                ],
                "bed": [
                    [
                        {
                            "id": "test"
                        },
                        "test.bed:md5,ac38ce3bed1f8aa770d1e1a9f332e170"
                    ]
                ],
                "bedgraph": [
                    
                ],
                "log": [
                    
                ],
                "versions": [
                    "versions.yml:md5,3c84f12b2a56c95c51a1d0b6b07fb33a"
                ]
            }
        ],
        "meta": {
            "nf-test": "0.9.3",
            "nextflow": "25.04.2"
        },
        "timestamp": "2025-10-29T13:33:40.323944879"
    },
    "[bam, bai], [fasta, fai], [] - stub": {
        "content": [
            {
                "0": [
                    [
                        {
                            "id": "test"
                        },
                        "test.bed:md5,d41d8cd98f00b204e9800998ecf8427e"
                    ]
                ],
                "1": [
                    [
                        {
                            "id": "test"
                        },
                        "test.bedgraph:md5,d41d8cd98f00b204e9800998ecf8427e"
                    ]
                ],
                "2": [
                    [
                        {
                            "id": "test"
                        },
                        "test.log:md5,d41d8cd98f00b204e9800998ecf8427e"
                    ]
                ],
                "3": [
                    "versions.yml:md5,3c84f12b2a56c95c51a1d0b6b07fb33a"
                ],
                "bed": [
                    [
                        {
                            "id": "test"
                        },
                        "test.bed:md5,d41d8cd98f00b204e9800998ecf8427e"
                    ]
                ],
                "bedgraph": [
                    [
                        {
                            "id": "test"
                        },
                        "test.bedgraph:md5,d41d8cd98f00b204e9800998ecf8427e"
                    ]
                ],
                "log": [
                    [
                        {
                            "id": "test"
                        },
                        "test.log:md5,d41d8cd98f00b204e9800998ecf8427e"
                    ]
                ],
                "versions": [
                    "versions.yml:md5,3c84f12b2a56c95c51a1d0b6b07fb33a"
                ]
            }
        ],
        "meta": {
            "nf-test": "0.9.3",
            "nextflow": "25.04.2"
        },
        "timestamp": "2025-10-29T13:34:25.818328219"
    },
    "[bam, bai], [fasta, fai], bed - traditional, HP, bedgraph": {
        "content": [
            {
                "0": [
                    
                ],
                "1": [
                    [
                        {
                            "id": "test"
                        },
                        [
                            "test_1_m_CG0_combined.bedgraph:md5,af55904c9acbafa17ff35ee3239152d0",
                            "test_2_m_CG0_combined.bedgraph:md5,13554927fb35b71a98c0e6bcdc3945c9"
                        ]
                    ]
                ],
                "2": [
                    
                ],
                "3": [
                    "versions.yml:md5,3c84f12b2a56c95c51a1d0b6b07fb33a"
                ],
                "bed": [
                    
                ],
                "bedgraph": [
                    [
                        {
                            "id": "test"
                        },
                        [
                            "test_1_m_CG0_combined.bedgraph:md5,af55904c9acbafa17ff35ee3239152d0",
                            "test_2_m_CG0_combined.bedgraph:md5,13554927fb35b71a98c0e6bcdc3945c9"
                        ]
                    ]
                ],
                "log": [
                    
                ],
                "versions": [
                    "versions.yml:md5,3c84f12b2a56c95c51a1d0b6b07fb33a"
                ]
            }
        ],
        "meta": {
            "nf-test": "0.9.3",
            "nextflow": "25.04.2"
        },
        "timestamp": "2025-10-29T13:34:09.480034362"
    },
    "[bam, bai], [fasta, fai], bed - traditional, HP": {
        "content": [
            {
                "0": [
                    [
                        {
                            "id": "test"
                        },
                        [
                            "test_1.bed:md5,464a9870774c340753e79639aeaf76c2",
                            "test_2.bed:md5,118de4b653dd082d76faa8802df493eb"
                        ]
                    ]
                ],
                "1": [
                    
                ],
                "2": [
                    
                ],
                "3": [
                    "versions.yml:md5,3c84f12b2a56c95c51a1d0b6b07fb33a"
                ],
                "bed": [
                    [
                        {
                            "id": "test"
                        },
                        [
                            "test_1.bed:md5,464a9870774c340753e79639aeaf76c2",
                            "test_2.bed:md5,118de4b653dd082d76faa8802df493eb"
                        ]
                    ]
                ],
                "bedgraph": [
                    
                ],
                "log": [
                    
                ],
                "versions": [
                    "versions.yml:md5,3c84f12b2a56c95c51a1d0b6b07fb33a"
                ]
            }
        ],
        "meta": {
            "nf-test": "0.9.3",
            "nextflow": "25.04.2"
        },
        "timestamp": "2025-10-29T13:34:01.652042889"
    },
    "[bam, bai], [fasta, fai], []": {
        "content": [
            {
                "0": [
                    [
                        {
                            "id": "test"
                        },
                        "test.bed:md5,f973de342df883efc1656c82a3a3978d"
                    ]
                ],
                "1": [
                    
                ],
                "2": [
                    
                ],
                "3": [
                    "versions.yml:md5,3c84f12b2a56c95c51a1d0b6b07fb33a"
                ],
                "bed": [
                    [
                        {
                            "id": "test"
                        },
                        "test.bed:md5,f973de342df883efc1656c82a3a3978d"
                    ]
                ],
                "bedgraph": [
                    
                ],
                "log": [
                    
                ],
                "versions": [
                    "versions.yml:md5,3c84f12b2a56c95c51a1d0b6b07fb33a"
                ]
            }
        ],
        "meta": {
            "nf-test": "0.9.3",
            "nextflow": "25.04.2"
        },
        "timestamp": "2025-10-29T13:33:30.820830386"
    },
    "[bam, bai], [fasta, fai], bed - traditional, HP - stub": {
        "content": [
            {
                "0": [
                    [
                        {
                            "id": "test"
                        },
                        "test.bed:md5,d41d8cd98f00b204e9800998ecf8427e"
                    ]
                ],
                "1": [
                    [
                        {
                            "id": "test"
                        },
                        "test.bedgraph:md5,d41d8cd98f00b204e9800998ecf8427e"
                    ]
                ],
                "2": [
                    [
                        {
                            "id": "test"
                        },
                        "test.log:md5,d41d8cd98f00b204e9800998ecf8427e"
                    ]
                ],
                "3": [
                    "versions.yml:md5,3c84f12b2a56c95c51a1d0b6b07fb33a"
                ],
                "bed": [
                    [
                        {
                            "id": "test"
                        },
                        "test.bed:md5,d41d8cd98f00b204e9800998ecf8427e"
                    ]
                ],
                "bedgraph": [
                    [
                        {
                            "id": "test"
                        },
                        "test.bedgraph:md5,d41d8cd98f00b204e9800998ecf8427e"
                    ]
                ],
                "log": [
                    [
                        {
                            "id": "test"
                        },
                        "test.log:md5,d41d8cd98f00b204e9800998ecf8427e"
                    ]
                ],
                "versions": [
                    "versions.yml:md5,3c84f12b2a56c95c51a1d0b6b07fb33a"
                ]
            }
        ],
        "meta": {
            "nf-test": "0.9.3",
            "nextflow": "25.04.2"
        },
        "timestamp": "2025-10-29T13:34:51.355845894"
    },
    "[bam, bai], [], []": {
        "content": [
            {
                "0": [
                    [
                        {
                            "id": "test"
                        },
                        "test.bed:md5,f973de342df883efc1656c82a3a3978d"
                    ]
                ],
                "1": [
                    
                ],
                "2": [
                    
                ],
                "3": [
                    "versions.yml:md5,3c84f12b2a56c95c51a1d0b6b07fb33a"
                ],
                "bed": [
                    [
                        {
                            "id": "test"
                        },
                        "test.bed:md5,f973de342df883efc1656c82a3a3978d"
                    ]
                ],
                "bedgraph": [
                    
                ],
                "log": [
                    
                ],
                "versions": [
                    "versions.yml:md5,3c84f12b2a56c95c51a1d0b6b07fb33a"
                ]
            }
        ],
        "meta": {
            "nf-test": "0.9.3",
            "nextflow": "25.04.2"
        },
        "timestamp": "2025-10-29T13:33:22.654774712"
    },
    "[bam, bai], [fasta, fai], bed - traditional, HP, bedgraph - stub": {
        "content": [
            {
                "0": [
                    [
                        {
                            "id": "test"
                        },
                        "test.bed:md5,d41d8cd98f00b204e9800998ecf8427e"
                    ]
                ],
                "1": [
                    [
                        {
                            "id": "test"
                        },
                        "test.bedgraph:md5,d41d8cd98f00b204e9800998ecf8427e"
                    ]
                ],
                "2": [
                    [
                        {
                            "id": "test"
                        },
                        "test.log:md5,d41d8cd98f00b204e9800998ecf8427e"
                    ]
                ],
                "3": [
                    "versions.yml:md5,3c84f12b2a56c95c51a1d0b6b07fb33a"
                ],
                "bed": [
                    [
                        {
                            "id": "test"
                        },
                        "test.bed:md5,d41d8cd98f00b204e9800998ecf8427e"
                    ]
                ],
                "bedgraph": [
                    [
                        {
                            "id": "test"
                        },
                        "test.bedgraph:md5,d41d8cd98f00b204e9800998ecf8427e"
                    ]
                ],
                "log": [
                    [
                        {
                            "id": "test"
                        },
                        "test.log:md5,d41d8cd98f00b204e9800998ecf8427e"
                    ]
                ],
                "versions": [
                    "versions.yml:md5,3c84f12b2a56c95c51a1d0b6b07fb33a"
                ]
            }
        ],
        "meta": {
            "nf-test": "0.9.3",
            "nextflow": "25.04.2"
        },
        "timestamp": "2025-10-29T13:35:00.477494397"
    },
    "[bam, bai], [], [] - stub": {
        "content": [
            {
                "0": [
                    [
                        {
                            "id": "test"
                        },
                        "test.bed:md5,d41d8cd98f00b204e9800998ecf8427e"
                    ]
                ],
                "1": [
                    [
                        {
                            "id": "test"
                        },
                        "test.bedgraph:md5,d41d8cd98f00b204e9800998ecf8427e"
                    ]
                ],
                "2": [
                    [
                        {
                            "id": "test"
                        },
                        "test.log:md5,d41d8cd98f00b204e9800998ecf8427e"
                    ]
                ],
                "3": [
                    "versions.yml:md5,3c84f12b2a56c95c51a1d0b6b07fb33a"
                ],
                "bed": [
                    [
                        {
                            "id": "test"
                        },
                        "test.bed:md5,d41d8cd98f00b204e9800998ecf8427e"
                    ]
                ],
                "bedgraph": [
                    [
                        {
                            "id": "test"
                        },
                        "test.bedgraph:md5,d41d8cd98f00b204e9800998ecf8427e"
                    ]
                ],
                "log": [
                    [
                        {
                            "id": "test"
                        },
                        "test.log:md5,d41d8cd98f00b204e9800998ecf8427e"
                    ]
                ],
                "versions": [
                    "versions.yml:md5,3c84f12b2a56c95c51a1d0b6b07fb33a"
                ]
            }
        ],
        "meta": {
            "nf-test": "0.9.3",
            "nextflow": "25.04.2"
        },
        "timestamp": "2025-10-29T13:34:17.906798987"
    },
    "[bam, bai], [fasta, fai], bed - traditional - stub": {
        "content": [
            {
                "0": [
                    [
                        {
                            "id": "test"
                        },
                        "test.bed:md5,d41d8cd98f00b204e9800998ecf8427e"
                    ]
                ],
                "1": [
                    [
                        {
                            "id": "test"
                        },
                        "test.bedgraph:md5,d41d8cd98f00b204e9800998ecf8427e"
                    ]
                ],
                "2": [
                    [
                        {
                            "id": "test"
                        },
                        "test.log:md5,d41d8cd98f00b204e9800998ecf8427e"
                    ]
                ],
                "3": [
                    "versions.yml:md5,3c84f12b2a56c95c51a1d0b6b07fb33a"
                ],
                "bed": [
                    [
                        {
                            "id": "test"
                        },
                        "test.bed:md5,d41d8cd98f00b204e9800998ecf8427e"
                    ]
                ],
                "bedgraph": [
                    [
                        {
                            "id": "test"
                        },
                        "test.bedgraph:md5,d41d8cd98f00b204e9800998ecf8427e"
                    ]
                ],
                "log": [
                    [
                        {
                            "id": "test"
                        },
                        "test.log:md5,d41d8cd98f00b204e9800998ecf8427e"
                    ]
                ],
                "versions": [
                    "versions.yml:md5,3c84f12b2a56c95c51a1d0b6b07fb33a"
                ]
            }
        ],
        "meta": {
            "nf-test": "0.9.3",
            "nextflow": "25.04.2"
        },
        "timestamp": "2025-10-29T13:34:42.242953279"
    },
    "[bam, bai], [fasta, fai], bed - stub": {
        "content": [
            {
                "0": [
                    [
                        {
                            "id": "test"
                        },
                        "test.bed:md5,d41d8cd98f00b204e9800998ecf8427e"
                    ]
                ],
                "1": [
                    [
                        {
                            "id": "test"
                        },
                        "test.bedgraph:md5,d41d8cd98f00b204e9800998ecf8427e"
                    ]
                ],
                "2": [
                    [
                        {
                            "id": "test"
                        },
                        "test.log:md5,d41d8cd98f00b204e9800998ecf8427e"
                    ]
                ],
                "3": [
                    "versions.yml:md5,3c84f12b2a56c95c51a1d0b6b07fb33a"
                ],
                "bed": [
                    [
                        {
                            "id": "test"
                        },
                        "test.bed:md5,d41d8cd98f00b204e9800998ecf8427e"
                    ]
                ],
                "bedgraph": [
                    [
                        {
                            "id": "test"
                        },
                        "test.bedgraph:md5,d41d8cd98f00b204e9800998ecf8427e"
                    ]
                ],
                "log": [
                    [
                        {
                            "id": "test"
                        },
                        "test.log:md5,d41d8cd98f00b204e9800998ecf8427e"
                    ]
                ],
                "versions": [
                    "versions.yml:md5,3c84f12b2a56c95c51a1d0b6b07fb33a"
                ]
            }
        ],
        "meta": {
            "nf-test": "0.9.3",
            "nextflow": "25.04.2"
        },
        "timestamp": "2025-10-29T13:34:34.378006702"
    },
    "[bam, bai], [fasta, fai], bed - traditional": {
        "content": [
            {
                "0": [
                    [
                        {
                            "id": "test"
                        },
                        "test.bed:md5,db6333f714a8ea4aa33902404a8d4812"
                    ]
                ],
                "1": [
                    
                ],
                "2": [
                    
                ],
                "3": [
                    "versions.yml:md5,3c84f12b2a56c95c51a1d0b6b07fb33a"
                ],
                "bed": [
                    [
                        {
                            "id": "test"
                        },
                        "test.bed:md5,db6333f714a8ea4aa33902404a8d4812"
                    ]
                ],
                "bedgraph": [
                    
                ],
                "log": [
                    
                ],
                "versions": [
                    "versions.yml:md5,3c84f12b2a56c95c51a1d0b6b07fb33a"
                ]
            }
        ],
        "meta": {
            "nf-test": "0.9.3",
            "nextflow": "25.04.2"
        },
        "timestamp": "2025-10-29T13:33:48.061931781"
    }
}